############ FINDING 1 ############
--- [1-control] ASAN, single-element control (expect exit 0, 0 OOB reads) ---
[case1] file: inputs/poc1_control_single_element.ply
  parsed OK: vertices=72
  custom attr f_dc_0     size=72
  custom attr f_dc_1     size=72
  custom attr f_dc_2     size=72
  custom attr opacity    size=72
  custom attr scale_0    size=72
  custom attr scale_1    size=72
  custom attr scale_2    size=72
  custom attr rot_0      size=72
  custom attr rot_1      size=72
  custom attr rot_2      size=72
  custom attr rot_3      size=72
  is_data_gaussian_splat conditions hold: YES -> convert_gsplat_ply_to_point_cloud() is called
  consumer loop finished: 0 out-of-bounds reads performed (sink=2204712.000000)
[case1] RESULT: no out-of-bounds access detected (control file?)
exit=0

--- [1-poc] ASAN, duplicate vertex elements (expect heap-buffer-overflow) ---
[case1] file: inputs/poc1_duplicate_vertex_elements.ply
  parsed OK: vertices=72
  custom attr f_dc_0     size=8
  custom attr f_dc_1     size=8
  custom attr f_dc_2     size=8
  custom attr opacity    size=8
  custom attr scale_0    size=8
  custom attr scale_1    size=8
  custom attr scale_2    size=8
  custom attr rot_0      size=8
  custom attr rot_1      size=8
  custom attr rot_2      size=8
  custom attr rot_3      size=8
  is_data_gaussian_splat conditions hold: YES -> convert_gsplat_ply_to_point_cloud() is called
=================================================================
==525==ERROR: AddressSanitizer: heap-buffer-overflow on address 0x7b12449e01b0 at pc 0x55aac3cb41d5 bp 0x7ef2dae3ec80 sp 0x7ef2dae3ec78
READ of size 4 at 0x7b12449e01b0 thread T0
    #0 0x55aac3cb41d4 in run_case1 /scratch/work/poc/poc_harness_generated.cc:283
    #1 0x55aac3cb4fec in main /scratch/work/poc/poc_harness_generated.cc:339
    #2 0x7ee245847249  (/lib/x86_64-linux-gnu/libc.so.6+0x27249) (BuildId: 93ac61ec5a8eb1396f9fbd350e3169a558528a40)

--- [1-values] VANILLA, duplicate vertex elements: OOB values shown ---
[case1] file: inputs/poc1_duplicate_vertex_elements.ply
  parsed OK: vertices=72
  custom attr f_dc_0     size=8
  custom attr f_dc_1     size=8
  custom attr f_dc_2     size=8
  custom attr opacity    size=8
  custom attr scale_0    size=8
  custom attr scale_1    size=8
  custom attr scale_2    size=8
  custom attr rot_0      size=8
  custom attr rot_1      size=8
  custom attr rot_2      size=8
  custom attr rot_3      size=8
  is_data_gaussian_splat conditions hold: YES -> convert_gsplat_ply_to_point_cloud() is called
  values read by the consumer loop (first indices; anything at/after
  index >= attribute size is read OUT OF BOUNDS):
    i=0   f_dc_0=1000.0000 opacity=4000.0000 scale_0=5000.0000 rot_0=6000.0000
    i=1   f_dc_0=1001.0000 opacity=4001.0000 scale_0=5001.0000 rot_0=6001.0000
    i=2   f_dc_0=1002.0000 opacity=4002.0000 scale_0=5002.0000 rot_0=6002.0000
    i=3   f_dc_0=1003.0000 opacity=4003.0000 scale_0=5003.0000 rot_0=6003.0000
    i=4   f_dc_0=1004.0000 opacity=4004.0000 scale_0=5004.0000 rot_0=6004.0000
    i=5   f_dc_0=1005.0000 opacity=4005.0000 scale_0=5005.0000 rot_0=6005.0000
    i=6   f_dc_0=1006.0000 opacity=4006.0000 scale_0=5006.0000 rot_0=6006.0000
    i=7   f_dc_0=1007.0000 opacity=4007.0000 scale_0=5007.0000 rot_0=6007.0000
    i=8   f_dc_0=0.0000 opacity=0.0000 scale_0=0.0000 rot_0=0.0000   <-- OUT OF BOUNDS
    i=9   f_dc_0=0.0000 opacity=0.0000 scale_0=0.0000 rot_0=0.0000   <-- OUT OF BOUNDS
    i=10  f_dc_0=0.0000 opacity=0.0000 scale_0=0.0000 rot_0=0.0000   <-- OUT OF BOUNDS
    i=11  f_dc_0=0.0000 opacity=0.0000 scale_0=0.0000 rot_0=0.0000   <-- OUT OF BOUNDS
    i=12  f_dc_0=2000.0000 opacity=627091598999552.0000 scale_0=5100.0000 rot_0=627091666108416.0000   <-- OUT OF BOUNDS
    i=13  f_dc_0=2001.0000 opacity=0.0000 scale_0=5101.0000 rot_0=0.0000   <-- OUT OF BOUNDS
    i=14  f_dc_0=2002.0000 opacity=-0.0000 scale_0=5102.0000 rot_0=-0.0000   <-- OUT OF BOUNDS
    i=15  f_dc_0=2003.0000 opacity=-14321808832390623829950464.0000 scale_0=5103.0000 rot_0=-14321808832390623829950464.0000   <-- OUT OF BOUNDS
  consumer loop finished: 64 out-of-bounds reads performed (sink=-253692850817154603571740672.000000)
[case1] RESULT: no out-of-bounds access detected (control file?)
exit=0

--- [1-crash] VANILLA, large file (8 + 20M vertices; expect SIGSEGV) ---
